
 N E X T F L O W   ~  version 24.04.4

Launching `/app/workflows_user/classical_networking_workflow/nf_workflow.nf` [cheesy_hoover] DSL2 - revision: f41ef3a3a5

WARN: Access to undefined parameter `outdir` -- Initialise it to a default value eg. `params.outdir = some_value`
[-        ] prepInputFiles      -
[-        ] filesummary         -
[-        ] falcon              -
[-        ] librarySearchData   -
[-        ] librarymergeResults -
[-        ] summaryLibrary      -

[-        ] prepInputFiles            -
[-        ] filesummary               -
[-        ] falcon                    -
[-        ] librarySearchData         -
[-        ] librarymergeResults       -
[-        ] summaryLibrary            -
[-        ] librarygetGNPSAnnotations -
[-        ] networkingGNPSPrepParams  -
[-        ] calculatePairs            -
[-        ] filterNetwork             -
[-        ] enrichNetworkEdges        -
[-        ] createMetadataFile        -
[-        ] calculateGroupings        -
[-        ] enrichClusterSummary      -
[-        ] createNetworkGraphML      -
[-        ] splitNetworkComponents    -
[-        ] createFeatureTable        -
[-        ] prepareForModiFinder      -

[-        ] prepInputFiles            | 0 of 1
[-        ] filesummary               -
[-        ] falcon                    -
[-        ] librarySearchData         -
[-        ] librarymergeResults       -
[-        ] summaryLibrary            | 0 of 18
[-        ] librarygetGNPSAnnotations -
[-        ] networkingGNPSPrepParams  -
[-        ] calculatePairs            -
[-        ] filterNetwork             -
[-        ] enrichNetworkEdges        -
[-        ] createMetadataFile        -
[-        ] calculateGroupings        -
[-        ] enrichClusterSummary      -
[-        ] createNetworkGraphML      -
[-        ] splitNetworkComponents    -
[-        ] createFeatureTable        -
[-        ] prepareForModiFinder      -

executor >  slurm (5)
[-        ] prepInputFiles            | 0 of 1
[-        ] filesummary               -
[-        ] falcon                    -
[-        ] librarySearchData         -
[-        ] librarymergeResults       -
[50/7a119d] summaryLibrary (14)       | 0 of 75
[-        ] librarygetGNPSAnnotations -
[-        ] networkingGNPSPrepParams  -
[-        ] calculatePairs            -
[-        ] filterNetwork             -
[-        ] enrichNetworkEdges        -
[-        ] createMetadataFile        -
[-        ] calculateGroupings        -
[-        ] enrichClusterSummary      -
[-        ] createNetworkGraphML      -
[-        ] splitNetworkComponents    -
[-        ] createFeatureTable        -
[-        ] prepareForModiFinder      -

executor >  slurm (14)
[-        ] prepInputFiles            | 0 of 1
[-        ] filesummary               -
[-        ] falcon                    -
[-        ] librarySearchData         -
[-        ] librarymergeResults       -
[1b/1d1d81] summaryLibrary (2)        | 0 of 75
[-        ] librarygetGNPSAnnotations -
[-        ] networkingGNPSPrepParams  -
[-        ] calculatePairs            -
[-        ] filterNetwork             -
[-        ] enrichNetworkEdges        -
[-        ] createMetadataFile        -
[-        ] calculateGroupings        -
[-        ] enrichClusterSummary      -
[-        ] createNetworkGraphML      -
[-        ] splitNetworkComponents    -
[-        ] createFeatureTable        -
[-        ] prepareForModiFinder      -

executor >  slurm (17)
[4c/847192] prepInputFiles (1)        | 0 of 1
[-        ] filesummary               -
[-        ] falcon                    -
[-        ] librarySearchData         -
[-        ] librarymergeResults       -
[2c/86a241] summaryLibrary (1)        | 0 of 75
[-        ] librarygetGNPSAnnotations -
[-        ] networkingGNPSPrepParams  -
[-        ] calculatePairs            -
[-        ] filterNetwork             -
[-        ] enrichNetworkEdges        -
[-        ] createMetadataFile        -
[-        ] calculateGroupings        -
[-        ] enrichClusterSummary      -
[-        ] createNetworkGraphML      -
[-        ] splitNetworkComponents    -
[-        ] createFeatureTable        -
[-        ] prepareForModiFinder      -

executor >  slurm (17)
[4c/847192] prepInputFiles (1)        | 0 of 1
[-        ] filesummary               -
[-        ] falcon                    -
[-        ] librarySearchData         -
[-        ] librarymergeResults       -
[2c/86a241] summaryLibrary (1)        | 0 of 75
[-        ] librarygetGNPSAnnotations -
[-        ] networkingGNPSPrepParams  -
[-        ] calculatePairs            -
[-        ] filterNetwork             -
[-        ] enrichNetworkEdges        -
[-        ] createMetadataFile        -
[-        ] calculateGroupings        -
[-        ] enrichClusterSummary      -
[-        ] createNetworkGraphML      -
[-        ] splitNetworkComponents    -
[-        ] createFeatureTable        -
[-        ] prepareForModiFinder      -

executor >  slurm (19)
[4c/847192] prepInputFiles (1)        | 1 of 1 ✔
[c0/42ae9b] filesummary (1)           | 0 of 1
[-        ] falcon                    -
[-        ] librarySearchData         -
[-        ] librarymergeResults       -
[b2/e0c09e] summaryLibrary (17)       | 1 of 75
[-        ] librarygetGNPSAnnotations -
[-        ] networkingGNPSPrepParams  -
[-        ] calculatePairs            -
[-        ] filterNetwork             -
[-        ] enrichNetworkEdges        -
[-        ] createMetadataFile        | 0 of 1
[-        ] calculateGroupings        -
[-        ] enrichClusterSummary      -
[-        ] createNetworkGraphML      -
[-        ] splitNetworkComponents    -
[-        ] createFeatureTable        -
[-        ] prepareForModiFinder      -

executor >  slurm (21)
[4c/847192] prepInputFiles (1)        | 1 of 1 ✔
[c0/42ae9b] filesummary (1)           | 0 of 1
[f7/777b92] falcon (1)                | 0 of 1
[-        ] librarySearchData         -
[-        ] librarymergeResults       -
[b2/e0c09e] summaryLibrary (17)       | 1 of 75
[-        ] librarygetGNPSAnnotations -
[-        ] networkingGNPSPrepParams  -
[-        ] calculatePairs            -
[-        ] filterNetwork             -
[-        ] enrichNetworkEdges        -
[08/38b94b] createMetadataFile (1)    | 0 of 1
[-        ] calculateGroupings        -
[-        ] enrichClusterSummary      -
[-        ] createNetworkGraphML      -
[-        ] splitNetworkComponents    -
[-        ] createFeatureTable        -
[-        ] prepareForModiFinder      -

executor >  slurm (26)
[4c/847192] prepInputFiles (1)        | 1 of 1 ✔
[c0/42ae9b] filesummary (1)           | 1 of 1 ✔
[f7/777b92] falcon (1)                | 0 of 1
[-        ] librarySearchData         -
[-        ] librarymergeResults       -
[7c/e2b911] summaryLibrary (20)       | 14 of 75
[-        ] librarygetGNPSAnnotations -
[-        ] networkingGNPSPrepParams  -
[-        ] calculatePairs            -
[-        ] filterNetwork             -
[-        ] enrichNetworkEdges        -
[08/38b94b] createMetadataFile (1)    | 1 of 1 ✔
[-        ] calculateGroupings        -
[-        ] enrichClusterSummary      -
[-        ] createNetworkGraphML      -
[-        ] splitNetworkComponents    -
[-        ] createFeatureTable        -
[-        ] prepareForModiFinder      -

executor >  slurm (34)
[4c/847192] prepInputFiles (1)        | 1 of 1 ✔
[c0/42ae9b] filesummary (1)           | 1 of 1 ✔
[f7/777b92] falcon (1)                | 0 of 1
[-        ] librarySearchData         -
[-        ] librarymergeResults       -
[7a/386044] summaryLibrary (29)       | 14 of 75
[-        ] librarygetGNPSAnnotations -
[-        ] networkingGNPSPrepParams  -
[-        ] calculatePairs            -
[-        ] filterNetwork             -
[-        ] enrichNetworkEdges        -
[08/38b94b] createMetadataFile (1)    | 1 of 1 ✔
[-        ] calculateGroupings        -
[-        ] enrichClusterSummary      -
[-        ] createNetworkGraphML      -
[-        ] splitNetworkComponents    -
[-        ] createFeatureTable        -
[-        ] prepareForModiFinder      -

executor >  slurm (35)
[4c/847192] prepInputFiles (1)        | 1 of 1 ✔
[c0/42ae9b] filesummary (1)           | 1 of 1 ✔
[f7/777b92] falcon (1)                | 0 of 1
[-        ] librarySearchData         -
[-        ] librarymergeResults       -
[f6/e2d294] summaryLibrary (30)       | 15 of 75
[-        ] librarygetGNPSAnnotations -
[-        ] networkingGNPSPrepParams  -
[-        ] calculatePairs            -
[-        ] filterNetwork             -
[-        ] enrichNetworkEdges        -
[08/38b94b] createMetadataFile (1)    | 1 of 1 ✔
[-        ] calculateGroupings        -
[-        ] enrichClusterSummary      -
[-        ] createNetworkGraphML      -
[-        ] splitNetworkComponents    -
[-        ] createFeatureTable        -
[-        ] prepareForModiFinder      -

executor >  slurm (41)
[4c/847192] prepInputFiles (1)        | 1 of 1 ✔
[c0/42ae9b] filesummary (1)           | 1 of 1 ✔
[f7/777b92] falcon (1)                | 0 of 1
[-        ] librarySearchData         -
[-        ] librarymergeResults       -
[25/e13d9b] summaryLibrary (36)       | 29 of 75
[-        ] librarygetGNPSAnnotations -
[-        ] networkingGNPSPrepParams  -
[-        ] calculatePairs            -
[-        ] filterNetwork             -
[-        ] enrichNetworkEdges        -
[08/38b94b] createMetadataFile (1)    | 1 of 1 ✔
[-        ] calculateGroupings        -
[-        ] enrichClusterSummary      -
[-        ] createNetworkGraphML      -
[-        ] splitNetworkComponents    -
[-        ] createFeatureTable        -
[-        ] prepareForModiFinder      -

executor >  slurm (49)
[4c/847192] prepInputFiles (1)        | 1 of 1 ✔
[c0/42ae9b] filesummary (1)           | 1 of 1 ✔
[f7/777b92] falcon (1)                | 0 of 1
[-        ] librarySearchData         -
[-        ] librarymergeResults       -
[83/71b550] summaryLibrary (45)       | 29 of 75
[-        ] librarygetGNPSAnnotations -
[-        ] networkingGNPSPrepParams  -
[-        ] calculatePairs            -
[-        ] filterNetwork             -
[-        ] enrichNetworkEdges        -
[08/38b94b] createMetadataFile (1)    | 1 of 1 ✔
[-        ] calculateGroupings        -
[-        ] enrichClusterSummary      -
[-        ] createNetworkGraphML      -
[-        ] splitNetworkComponents    -
[-        ] createFeatureTable        -
[-        ] prepareForModiFinder      -

executor >  slurm (50)
[4c/847192] prepInputFiles (1)        | 1 of 1 ✔
[c0/42ae9b] filesummary (1)           | 1 of 1 ✔
[f7/777b92] falcon (1)                | 0 of 1
[-        ] librarySearchData         -
[-        ] librarymergeResults       -
[fc/8b224a] summaryLibrary (46)       | 30 of 75
[-        ] librarygetGNPSAnnotations -
[-        ] networkingGNPSPrepParams  -
[-        ] calculatePairs            -
[-        ] filterNetwork             -
[-        ] enrichNetworkEdges        -
[08/38b94b] createMetadataFile (1)    | 1 of 1 ✔
[-        ] calculateGroupings        -
[-        ] enrichClusterSummary      -
[-        ] createNetworkGraphML      -
[-        ] splitNetworkComponents    -
[-        ] createFeatureTable        -
[-        ] prepareForModiFinder      -

executor >  slurm (50)
[4c/847192] prepInputFiles (1)        | 1 of 1 ✔
[c0/42ae9b] filesummary (1)           | 1 of 1 ✔
[f7/777b92] falcon (1)                | 0 of 1
[-        ] librarySearchData         -
[-        ] librarymergeResults       -
[b2/997d83] summaryLibrary (34)       | 36 of 75
[-        ] librarygetGNPSAnnotations -
[-        ] networkingGNPSPrepParams  -
[-        ] calculatePairs            -
[-        ] filterNetwork             -
[-        ] enrichNetworkEdges        -
[08/38b94b] createMetadataFile (1)    | 1 of 1 ✔
[-        ] calculateGroupings        -
[-        ] enrichClusterSummary      -
[-        ] createNetworkGraphML      -
[-        ] splitNetworkComponents    -
[-        ] createFeatureTable        -
[-        ] prepareForModiFinder      -

executor >  slurm (59)
[4c/847192] prepInputFiles (1)        | 1 of 1 ✔
[c0/42ae9b] filesummary (1)           | 1 of 1 ✔
[f7/777b92] falcon (1)                | 0 of 1
[-        ] librarySearchData         -
[-        ] librarymergeResults       -
[1e/6e3124] summaryLibrary (55)       | 44 of 75
[-        ] librarygetGNPSAnnotations -
[-        ] networkingGNPSPrepParams  -
[-        ] calculatePairs            -
[-        ] filterNetwork             -
[-        ] enrichNetworkEdges        -
[08/38b94b] createMetadataFile (1)    | 1 of 1 ✔
[-        ] calculateGroupings        -
[-        ] enrichClusterSummary      -
[-        ] createNetworkGraphML      -
[-        ] splitNetworkComponents    -
[-        ] createFeatureTable        -
[-        ] prepareForModiFinder      -

executor >  slurm (64)
[4c/847192] prepInputFiles (1)        | 1 of 1 ✔
[c0/42ae9b] filesummary (1)           | 1 of 1 ✔
[f7/777b92] falcon (1)                | 0 of 1
[-        ] librarySearchData         -
[-        ] librarymergeResults       -
[f0/310a27] summaryLibrary (59)       | 44 of 75
[-        ] librarygetGNPSAnnotations -
[-        ] networkingGNPSPrepParams  -
[-        ] calculatePairs            -
[-        ] filterNetwork             -
[-        ] enrichNetworkEdges        -
[08/38b94b] createMetadataFile (1)    | 1 of 1 ✔
[-        ] calculateGroupings        -
[-        ] enrichClusterSummary      -
[-        ] createNetworkGraphML      -
[-        ] splitNetworkComponents    -
[-        ] createFeatureTable        -
[-        ] prepareForModiFinder      -

executor >  slurm (64)
[4c/847192] prepInputFiles (1)        | 1 of 1 ✔
[c0/42ae9b] filesummary (1)           | 1 of 1 ✔
[f7/777b92] falcon (1)                | 0 of 1
[-        ] librarySearchData         -
[-        ] librarymergeResults       -
[f0/310a27] summaryLibrary (59)       | 45 of 75
[-        ] librarygetGNPSAnnotations -
[-        ] networkingGNPSPrepParams  -
[-        ] calculatePairs            -
[-        ] filterNetwork             -
[-        ] enrichNetworkEdges        -
[08/38b94b] createMetadataFile (1)    | 1 of 1 ✔
[-        ] calculateGroupings        -
[-        ] enrichClusterSummary      -
[-        ] createNetworkGraphML      -
[-        ] splitNetworkComponents    -
[-        ] createFeatureTable        -
[-        ] prepareForModiFinder      -

executor >  slurm (65)
[4c/847192] prepInputFiles (1)        | 1 of 1 ✔
[c0/42ae9b] filesummary (1)           | 1 of 1 ✔
[f7/777b92] falcon (1)                | 0 of 1
[-        ] librarySearchData         -
[-        ] librarymergeResults       -
[c0/8bbc1e] summaryLibrary (61)       | 45 of 75
[-        ] librarygetGNPSAnnotations -
[-        ] networkingGNPSPrepParams  -
[-        ] calculatePairs            -
[-        ] filterNetwork             -
[-        ] enrichNetworkEdges        -
[08/38b94b] createMetadataFile (1)    | 1 of 1 ✔
[-        ] calculateGroupings        -
[-        ] enrichClusterSummary      -
[-        ] createNetworkGraphML      -
[-        ] splitNetworkComponents    -
[-        ] createFeatureTable        -
[-        ] prepareForModiFinder      -

executor >  slurm (67)
[4c/847192] prepInputFiles (1)        | 1 of 1 ✔
[c0/42ae9b] filesummary (1)           | 1 of 1 ✔
[f7/777b92] falcon (1)                | 0 of 1
[-        ] librarySearchData         -
[-        ] librarymergeResults       -
[d4/59f812] summaryLibrary (63)       | 58 of 75
[-        ] librarygetGNPSAnnotations -
[-        ] networkingGNPSPrepParams  -
[-        ] calculatePairs            -
[-        ] filterNetwork             -
[-        ] enrichNetworkEdges        -
[08/38b94b] createMetadataFile (1)    | 1 of 1 ✔
[-        ] calculateGroupings        -
[-        ] enrichClusterSummary      -
[-        ] createNetworkGraphML      -
[-        ] splitNetworkComponents    -
[-        ] createFeatureTable        -
[-        ] prepareForModiFinder      -

executor >  slurm (77)
[4c/847192] prepInputFiles (1)        | 1 of 1 ✔
[c0/42ae9b] filesummary (1)           | 1 of 1 ✔
[f7/777b92] falcon (1)                | 0 of 1
[-        ] librarySearchData         -
[-        ] librarymergeResults       -
[9b/0f743c] summaryLibrary (74)       | 58 of 75
[-        ] librarygetGNPSAnnotations -
[-        ] networkingGNPSPrepParams  -
[-        ] calculatePairs            -
[-        ] filterNetwork             -
[-        ] enrichNetworkEdges        -
[08/38b94b] createMetadataFile (1)    | 1 of 1 ✔
[-        ] calculateGroupings        -
[-        ] enrichClusterSummary      -
[-        ] createNetworkGraphML      -
[-        ] splitNetworkComponents    -
[-        ] createFeatureTable        -
[-        ] prepareForModiFinder      -

executor >  slurm (78)
[4c/847192] prepInputFiles (1)        | 1 of 1 ✔
[c0/42ae9b] filesummary (1)           | 1 of 1 ✔
[f7/777b92] falcon (1)                | 0 of 1
[-        ] librarySearchData         -
[-        ] librarymergeResults       -
[99/92caf1] summaryLibrary (73)       | 58 of 75
[-        ] librarygetGNPSAnnotations -
[-        ] networkingGNPSPrepParams  -
[-        ] calculatePairs            -
[-        ] filterNetwork             -
[-        ] enrichNetworkEdges        -
[08/38b94b] createMetadataFile (1)    | 1 of 1 ✔
[-        ] calculateGroupings        -
[-        ] enrichClusterSummary      -
[-        ] createNetworkGraphML      -
[-        ] splitNetworkComponents    -
[-        ] createFeatureTable        -
[-        ] prepareForModiFinder      -

executor >  slurm (79)
[4c/847192] prepInputFiles (1)        | 1 of 1 ✔
[c0/42ae9b] filesummary (1)           | 1 of 1 ✔
[f7/777b92] falcon (1)                | 0 of 1
[-        ] librarySearchData         -
[-        ] librarymergeResults       -
[28/cb3a51] summaryLibrary (75)       | 59 of 75
[-        ] librarygetGNPSAnnotations -
[-        ] networkingGNPSPrepParams  -
[-        ] calculatePairs            -
[-        ] filterNetwork             -
[-        ] enrichNetworkEdges        -
[08/38b94b] createMetadataFile (1)    | 1 of 1 ✔
[-        ] calculateGroupings        -
[-        ] enrichClusterSummary      -
[-        ] createNetworkGraphML      -
[-        ] splitNetworkComponents    -
[-        ] createFeatureTable        -
[-        ] prepareForModiFinder      -

executor >  slurm (79)
[4c/847192] prepInputFiles (1)        | 1 of 1 ✔
[c0/42ae9b] filesummary (1)           | 1 of 1 ✔
[f7/777b92] falcon (1)                | 0 of 1
[-        ] librarySearchData         -
[-        ] librarymergeResults       -
[9b/0f743c] summaryLibrary (74)       | 73 of 75
[-        ] librarygetGNPSAnnotations -
[-        ] networkingGNPSPrepParams  -
[-        ] calculatePairs            -
[-        ] filterNetwork             -
[-        ] enrichNetworkEdges        -
[08/38b94b] createMetadataFile (1)    | 1 of 1 ✔
[-        ] calculateGroupings        -
[-        ] enrichClusterSummary      -
[-        ] createNetworkGraphML      -
[-        ] splitNetworkComponents    -
[-        ] createFeatureTable        -
[-        ] prepareForModiFinder      -

executor >  slurm (79)
[4c/847192] prepInputFiles (1)        | 1 of 1 ✔
[c0/42ae9b] filesummary (1)           | 1 of 1 ✔
[f7/777b92] falcon (1)                | 0 of 1
[-        ] librarySearchData         -
[-        ] librarymergeResults       -
[28/cb3a51] summaryLibrary (75)       | 74 of 75
[-        ] librarygetGNPSAnnotations -
[-        ] networkingGNPSPrepParams  -
[-        ] calculatePairs            -
[-        ] filterNetwork             -
[-        ] enrichNetworkEdges        -
[08/38b94b] createMetadataFile (1)    | 1 of 1 ✔
[-        ] calculateGroupings        -
[-        ] enrichClusterSummary      -
[-        ] createNetworkGraphML      -
[-        ] splitNetworkComponents    -
[-        ] createFeatureTable        -
[-        ] prepareForModiFinder      -

executor >  slurm (79)
[4c/847192] prepInputFiles (1)        | 1 of 1 ✔
[c0/42ae9b] filesummary (1)           | 1 of 1 ✔
[f7/777b92] falcon (1)                | 0 of 1
[-        ] librarySearchData         -
[-        ] librarymergeResults       -
[b0/6a841a] summaryLibrary (67)       | 75 of 75 ✔
[-        ] librarygetGNPSAnnotations -
[-        ] networkingGNPSPrepParams  -
[-        ] calculatePairs            -
[-        ] filterNetwork             -
[-        ] enrichNetworkEdges        -
[08/38b94b] createMetadataFile (1)    | 1 of 1 ✔
[-        ] calculateGroupings        -
[-        ] enrichClusterSummary      -
[-        ] createNetworkGraphML      -
[-        ] splitNetworkComponents    -
[-        ] createFeatureTable        -
[-        ] prepareForModiFinder      -

executor >  slurm (79)
[4c/847192] prepInputFiles (1)        | 1 of 1 ✔
[c0/42ae9b] filesummary (1)           | 1 of 1 ✔
[f7/777b92] falcon (1)                | 1 of 1 ✔
[-        ] librarySearchData         -
[-        ] librarymergeResults       -
[b0/6a841a] summaryLibrary (67)       | 75 of 75 ✔
[-        ] librarygetGNPSAnnotations -
[-        ] networkingGNPSPrepParams  | 0 of 1
[-        ] calculatePairs            -
[-        ] filterNetwork             -
[-        ] enrichNetworkEdges        -
[08/38b94b] createMetadataFile (1)    | 1 of 1 ✔
[-        ] calculateGroupings        | 0 of 1
[-        ] enrichClusterSummary      -
[-        ] createNetworkGraphML      -
[-        ] splitNetworkComponents    -
[-        ] createFeatureTable        | 0 of 1
[-        ] prepareForModiFinder      -

executor >  slurm (83)
[4c/847192] prepInputFiles (1)           | 1 of 1 ✔
[c0/42ae9b] filesummary (1)              | 1 of 1 ✔
[f7/777b92] falcon (1)                   | 1 of 1 ✔
[04/01a249] librarySearchData (5)        | 0 of 56
[-        ] librarymergeResults          -
[b0/6a841a] summaryLibrary (67)          | 75 of 75 ✔
[-        ] librarygetGNPSAnnotations    -
[45/37a4d6] networkingGNPSPrepParams (1) | 0 of 1
[-        ] calculatePairs               -
[-        ] filterNetwork                -
[-        ] enrichNetworkEdges           -
[08/38b94b] createMetadataFile (1)       | 1 of 1 ✔
[d8/1a81a5] calculateGroupings (1)       | 0 of 1
[-        ] enrichClusterSummary         -
[-        ] createNetworkGraphML         -
[-        ] splitNetworkComponents       -
[60/9ab324] createFeatureTable (1)       | 0 of 1
[-        ] prepareForModiFinder         -

executor >  slurm (92)
[4c/847192] prepInputFiles (1)           | 1 of 1 ✔
[c0/42ae9b] filesummary (1)              | 1 of 1 ✔
[f7/777b92] falcon (1)                   | 1 of 1 ✔
[19/ed2c44] librarySearchData (3)        | 0 of 75
[-        ] librarymergeResults          -
[b0/6a841a] summaryLibrary (67)          | 75 of 75 ✔
[-        ] librarygetGNPSAnnotations    -
[45/37a4d6] networkingGNPSPrepParams (1) | 0 of 1
[-        ] calculatePairs               -
[-        ] filterNetwork                -
[-        ] enrichNetworkEdges           -
[08/38b94b] createMetadataFile (1)       | 1 of 1 ✔
[d8/1a81a5] calculateGroupings (1)       | 0 of 1
[-        ] enrichClusterSummary         -
[-        ] createNetworkGraphML         -
[-        ] splitNetworkComponents       -
[60/9ab324] createFeatureTable (1)       | 0 of 1
[-        ] prepareForModiFinder         -

executor >  slurm (98)
[4c/847192] prepInputFiles (1)           | 1 of 1 ✔
[c0/42ae9b] filesummary (1)              | 1 of 1 ✔
[f7/777b92] falcon (1)                   | 1 of 1 ✔
[3c/96acdc] librarySearchData (16)       | 0 of 75
[-        ] librarymergeResults          -
[b0/6a841a] summaryLibrary (67)          | 75 of 75 ✔
[-        ] librarygetGNPSAnnotations    -
[45/37a4d6] networkingGNPSPrepParams (1) | 0 of 1
[-        ] calculatePairs               -
[-        ] filterNetwork                -
[-        ] enrichNetworkEdges           -
[08/38b94b] createMetadataFile (1)       | 1 of 1 ✔
[d8/1a81a5] calculateGroupings (1)       | 0 of 1
[-        ] enrichClusterSummary         -
[-        ] createNetworkGraphML         -
[-        ] splitNetworkComponents       -
[60/9ab324] createFeatureTable (1)       | 0 of 1
[-        ] prepareForModiFinder         -

executor >  slurm (98)
[4c/847192] prepInputFiles (1)           | 1 of 1 ✔
[c0/42ae9b] filesummary (1)              | 1 of 1 ✔
[f7/777b92] falcon (1)                   | 1 of 1 ✔
[3c/96acdc] librarySearchData (16)       | 0 of 75
[-        ] librarymergeResults          -
[b0/6a841a] summaryLibrary (67)          | 75 of 75 ✔
[-        ] librarygetGNPSAnnotations    -
[45/37a4d6] networkingGNPSPrepParams (1) | 0 of 1
[-        ] calculatePairs               -
[-        ] filterNetwork                -
[-        ] enrichNetworkEdges           -
[08/38b94b] createMetadataFile (1)       | 1 of 1 ✔
[d8/1a81a5] calculateGroupings (1)       | 0 of 1
[-        ] enrichClusterSummary         -
[-        ] createNetworkGraphML         -
[-        ] splitNetworkComponents       -
[60/9ab324] createFeatureTable (1)       | 0 of 1
[-        ] prepareForModiFinder         -

executor >  slurm (98)
[4c/847192] prepInputFiles (1)           | 1 of 1 ✔
[c0/42ae9b] filesummary (1)              | 1 of 1 ✔
[f7/777b92] falcon (1)                   | 1 of 1 ✔
[3c/96acdc] librarySearchData (16)       | 0 of 75
[-        ] librarymergeResults          -
[b0/6a841a] summaryLibrary (67)          | 75 of 75 ✔
[-        ] librarygetGNPSAnnotations    -
[45/37a4d6] networkingGNPSPrepParams (1) | 1 of 1 ✔
[-        ] calculatePairs               | 0 of 1
[-        ] filterNetwork                -
[-        ] enrichNetworkEdges           -
[08/38b94b] createMetadataFile (1)       | 1 of 1 ✔
[d8/1a81a5] calculateGroupings (1)       | 0 of 1
[-        ] enrichClusterSummary         -
[-        ] createNetworkGraphML         -
[-        ] splitNetworkComponents       -
[60/9ab324] createFeatureTable (1)       | 0 of 1
[-        ] prepareForModiFinder         -

executor >  slurm (98)
[4c/847192] prepInputFiles (1)           | 1 of 1 ✔
[c0/42ae9b] filesummary (1)              | 1 of 1 ✔
[f7/777b92] falcon (1)                   | 1 of 1 ✔
[3c/96acdc] librarySearchData (16)       | 0 of 75
[-        ] librarymergeResults          -
[b0/6a841a] summaryLibrary (67)          | 75 of 75 ✔
[-        ] librarygetGNPSAnnotations    -
[45/37a4d6] networkingGNPSPrepParams (1) | 1 of 1 ✔
[-        ] calculatePairs               | 0 of 1
[-        ] filterNetwork                -
[-        ] enrichNetworkEdges           -
[08/38b94b] createMetadataFile (1)       | 1 of 1 ✔
[d8/1a81a5] calculateGroupings (1)       | 0 of 1
[-        ] enrichClusterSummary         -
[-        ] createNetworkGraphML         -
[-        ] splitNetworkComponents       -
[60/9ab324] createFeatureTable (1)       | 0 of 1
[-        ] prepareForModiFinder         -

executor >  slurm (99)
[4c/847192] prepInputFiles (1)           | 1 of 1 ✔
[c0/42ae9b] filesummary (1)              | 1 of 1 ✔
[f7/777b92] falcon (1)                   | 1 of 1 ✔
[3c/96acdc] librarySearchData (16)       | 0 of 75
[-        ] librarymergeResults          -
[b0/6a841a] summaryLibrary (67)          | 75 of 75 ✔
[-        ] librarygetGNPSAnnotations    -
[45/37a4d6] networkingGNPSPrepParams (1) | 1 of 1 ✔
[95/6216b7] calculatePairs (1)           | 0 of 1
[-        ] filterNetwork                -
[-        ] enrichNetworkEdges           -
[08/38b94b] createMetadataFile (1)       | 1 of 1 ✔
[d8/1a81a5] calculateGroupings (1)       | 0 of 1
[-        ] enrichClusterSummary         -
[-        ] createNetworkGraphML         -
[-        ] splitNetworkComponents       -
[60/9ab324] createFeatureTable (1)       | 0 of 1
[-        ] prepareForModiFinder         -

executor >  slurm (99)
[4c/847192] prepInputFiles (1)           | 1 of 1 ✔
[c0/42ae9b] filesummary (1)              | 1 of 1 ✔
[f7/777b92] falcon (1)                   | 1 of 1 ✔
[3c/96acdc] librarySearchData (16)       | 0 of 75
[-        ] librarymergeResults          -
[b0/6a841a] summaryLibrary (67)          | 75 of 75 ✔
[-        ] librarygetGNPSAnnotations    -
[45/37a4d6] networkingGNPSPrepParams (1) | 1 of 1 ✔
[95/6216b7] calculatePairs (1)           | 0 of 1
[-        ] filterNetwork                -
[-        ] enrichNetworkEdges           -
[08/38b94b] createMetadataFile (1)       | 1 of 1 ✔
[d8/1a81a5] calculateGroupings (1)       | 1 of 1 ✔
[-        ] enrichClusterSummary         -
[-        ] createNetworkGraphML         -
[-        ] splitNetworkComponents       -
[60/9ab324] createFeatureTable (1)       | 1 of 1 ✔
[-        ] prepareForModiFinder         -

executor >  slurm (105)
[4c/847192] prepInputFiles (1)           | 1 of 1 ✔
[c0/42ae9b] filesummary (1)              | 1 of 1 ✔
[f7/777b92] falcon (1)                   | 1 of 1 ✔
[a9/ab1733] librarySearchData (20)       | 9 of 75
[-        ] librarymergeResults          -
[b0/6a841a] summaryLibrary (67)          | 75 of 75 ✔
[-        ] librarygetGNPSAnnotations    -
[45/37a4d6] networkingGNPSPrepParams (1) | 1 of 1 ✔
[95/6216b7] calculatePairs (1)           | 0 of 1
[-        ] filterNetwork                -
[-        ] enrichNetworkEdges           -
[08/38b94b] createMetadataFile (1)       | 1 of 1 ✔
[d8/1a81a5] calculateGroupings (1)       | 1 of 1 ✔
[-        ] enrichClusterSummary         -
[-        ] createNetworkGraphML         -
[-        ] splitNetworkComponents       -
[60/9ab324] createFeatureTable (1)       | 1 of 1 ✔
[-        ] prepareForModiFinder         -

executor >  slurm (108)
[4c/847192] prepInputFiles (1)           | 1 of 1 ✔
[c0/42ae9b] filesummary (1)              | 1 of 1 ✔
[f7/777b92] falcon (1)                   | 1 of 1 ✔
[f1/6389dd] librarySearchData (23)       | 9 of 75
[-        ] librarymergeResults          -
[b0/6a841a] summaryLibrary (67)          | 75 of 75 ✔
[-        ] librarygetGNPSAnnotations    -
[45/37a4d6] networkingGNPSPrepParams (1) | 1 of 1 ✔
[95/6216b7] calculatePairs (1)           | 0 of 1
[-        ] filterNetwork                -
[-        ] enrichNetworkEdges           -
[08/38b94b] createMetadataFile (1)       | 1 of 1 ✔
[d8/1a81a5] calculateGroupings (1)       | 1 of 1 ✔
[-        ] enrichClusterSummary         -
[-        ] createNetworkGraphML         -
[-        ] splitNetworkComponents       -
[60/9ab324] createFeatureTable (1)       | 1 of 1 ✔
[-        ] prepareForModiFinder         -

executor >  slurm (109)
[4c/847192] prepInputFiles (1)           | 1 of 1 ✔
[c0/42ae9b] filesummary (1)              | 1 of 1 ✔
[f7/777b92] falcon (1)                   | 1 of 1 ✔
[6c/7c162d] librarySearchData (26)       | 10 of 75
[-        ] librarymergeResults          -
[b0/6a841a] summaryLibrary (67)          | 75 of 75 ✔
[-        ] librarygetGNPSAnnotations    -
[45/37a4d6] networkingGNPSPrepParams (1) | 1 of 1 ✔
[95/6216b7] calculatePairs (1)           | 0 of 1
[-        ] filterNetwork                -
[-        ] enrichNetworkEdges           -
[08/38b94b] createMetadataFile (1)       | 1 of 1 ✔
[d8/1a81a5] calculateGroupings (1)       | 1 of 1 ✔
[-        ] enrichClusterSummary         -
[-        ] createNetworkGraphML         -
[-        ] splitNetworkComponents       -
[60/9ab324] createFeatureTable (1)       | 1 of 1 ✔
[-        ] prepareForModiFinder         -

executor >  slurm (109)
[4c/847192] prepInputFiles (1)           | 1 of 1 ✔
[c0/42ae9b] filesummary (1)              | 1 of 1 ✔
[f7/777b92] falcon (1)                   | 1 of 1 ✔
[6c/7c162d] librarySearchData (26)       | 10 of 75
[-        ] librarymergeResults          -
[b0/6a841a] summaryLibrary (67)          | 75 of 75 ✔
[-        ] librarygetGNPSAnnotations    -
[45/37a4d6] networkingGNPSPrepParams (1) | 1 of 1 ✔
[95/6216b7] calculatePairs (1)           | 0 of 1
[-        ] filterNetwork                -
[-        ] enrichNetworkEdges           -
[08/38b94b] createMetadataFile (1)       | 1 of 1 ✔
[d8/1a81a5] calculateGroupings (1)       | 1 of 1 ✔
[-        ] enrichClusterSummary         -
[-        ] createNetworkGraphML         -
[-        ] splitNetworkComponents       -
[60/9ab324] createFeatureTable (1)       | 1 of 1 ✔
[-        ] prepareForModiFinder         -

executor >  slurm (116)
[4c/847192] prepInputFiles (1)           | 1 of 1 ✔
[c0/42ae9b] filesummary (1)              | 1 of 1 ✔
[f7/777b92] falcon (1)                   | 1 of 1 ✔
[cc/4bd534] librarySearchData (33)       | 19 of 75
[-        ] librarymergeResults          -
[b0/6a841a] summaryLibrary (67)          | 75 of 75 ✔
[-        ] librarygetGNPSAnnotations    -
[45/37a4d6] networkingGNPSPrepParams (1) | 1 of 1 ✔
[95/6216b7] calculatePairs (1)           | 0 of 1
[-        ] filterNetwork                -
[-        ] enrichNetworkEdges           -
[08/38b94b] createMetadataFile (1)       | 1 of 1 ✔
[d8/1a81a5] calculateGroupings (1)       | 1 of 1 ✔
[-        ] enrichClusterSummary         -
[-        ] createNetworkGraphML         -
[-        ] splitNetworkComponents       -
[60/9ab324] createFeatureTable (1)       | 1 of 1 ✔
[-        ] prepareForModiFinder         -

executor >  slurm (118)
[4c/847192] prepInputFiles (1)           | 1 of 1 ✔
[c0/42ae9b] filesummary (1)              | 1 of 1 ✔
[f7/777b92] falcon (1)                   | 1 of 1 ✔
[85/0ef410] librarySearchData (35)       | 19 of 75
[-        ] librarymergeResults          -
[b0/6a841a] summaryLibrary (67)          | 75 of 75 ✔
[-        ] librarygetGNPSAnnotations    -
[45/37a4d6] networkingGNPSPrepParams (1) | 1 of 1 ✔
[95/6216b7] calculatePairs (1)           | 0 of 1
[-        ] filterNetwork                -
[-        ] enrichNetworkEdges           -
[08/38b94b] createMetadataFile (1)       | 1 of 1 ✔
[d8/1a81a5] calculateGroupings (1)       | 1 of 1 ✔
[-        ] enrichClusterSummary         -
[-        ] createNetworkGraphML         -
[-        ] splitNetworkComponents       -
[60/9ab324] createFeatureTable (1)       | 1 of 1 ✔
[-        ] prepareForModiFinder         -

executor >  slurm (120)
[4c/847192] prepInputFiles (1)           | 1 of 1 ✔
[c0/42ae9b] filesummary (1)              | 1 of 1 ✔
[f7/777b92] falcon (1)                   | 1 of 1 ✔
[bd/d18af7] librarySearchData (36)       | 21 of 75
[-        ] librarymergeResults          -
[b0/6a841a] summaryLibrary (67)          | 75 of 75 ✔
[-        ] librarygetGNPSAnnotations    -
[45/37a4d6] networkingGNPSPrepParams (1) | 1 of 1 ✔
[95/6216b7] calculatePairs (1)           | 0 of 1
[-        ] filterNetwork                -
[-        ] enrichNetworkEdges           -
[08/38b94b] createMetadataFile (1)       | 1 of 1 ✔
[d8/1a81a5] calculateGroupings (1)       | 1 of 1 ✔
[-        ] enrichClusterSummary         -
[-        ] createNetworkGraphML         -
[-        ] splitNetworkComponents       -
[60/9ab324] createFeatureTable (1)       | 1 of 1 ✔
[-        ] prepareForModiFinder         -

executor >  slurm (120)
[4c/847192] prepInputFiles (1)           | 1 of 1 ✔
[c0/42ae9b] filesummary (1)              | 1 of 1 ✔
[f7/777b92] falcon (1)                   | 1 of 1 ✔
[61/abff53] librarySearchData (31)       | 24 of 75
[-        ] librarymergeResults          -
[b0/6a841a] summaryLibrary (67)          | 75 of 75 ✔
[-        ] librarygetGNPSAnnotations    -
[45/37a4d6] networkingGNPSPrepParams (1) | 1 of 1 ✔
[95/6216b7] calculatePairs (1)           | 0 of 1
[-        ] filterNetwork                -
[-        ] enrichNetworkEdges           -
[08/38b94b] createMetadataFile (1)       | 1 of 1 ✔
[d8/1a81a5] calculateGroupings (1)       | 1 of 1 ✔
[-        ] enrichClusterSummary         -
[-        ] createNetworkGraphML         -
[-        ] splitNetworkComponents       -
[60/9ab324] createFeatureTable (1)       | 1 of 1 ✔
[-        ] prepareForModiFinder         -

executor >  slurm (124)
[4c/847192] prepInputFiles (1)           | 1 of 1 ✔
[c0/42ae9b] filesummary (1)              | 1 of 1 ✔
[f7/777b92] falcon (1)                   | 1 of 1 ✔
[5d/edc3f3] librarySearchData (39)       | 25 of 75
[-        ] librarymergeResults          -
[b0/6a841a] summaryLibrary (67)          | 75 of 75 ✔
[-        ] librarygetGNPSAnnotations    -
[45/37a4d6] networkingGNPSPrepParams (1) | 1 of 1 ✔
[95/6216b7] calculatePairs (1)           | 0 of 1
[-        ] filterNetwork                -
[-        ] enrichNetworkEdges           -
[08/38b94b] createMetadataFile (1)       | 1 of 1 ✔
[d8/1a81a5] calculateGroupings (1)       | 1 of 1 ✔
[-        ] enrichClusterSummary         -
[-        ] createNetworkGraphML         -
[-        ] splitNetworkComponents       -
[60/9ab324] createFeatureTable (1)       | 1 of 1 ✔
[-        ] prepareForModiFinder         -

executor >  slurm (124)
[4c/847192] prepInputFiles (1)           | 1 of 1 ✔
[c0/42ae9b] filesummary (1)              | 1 of 1 ✔
[f7/777b92] falcon (1)                   | 1 of 1 ✔
[85/0ef410] librarySearchData (35)       | 29 of 75
[-        ] librarymergeResults          -
[b0/6a841a] summaryLibrary (67)          | 75 of 75 ✔
[-        ] librarygetGNPSAnnotations    -
[45/37a4d6] networkingGNPSPrepParams (1) | 1 of 1 ✔
[95/6216b7] calculatePairs (1)           | 1 of 1 ✔
[-        ] filterNetwork                -
[-        ] enrichNetworkEdges           -
[08/38b94b] createMetadataFile (1)       | 1 of 1 ✔
[d8/1a81a5] calculateGroupings (1)       | 1 of 1 ✔
[-        ] enrichClusterSummary         -
[-        ] createNetworkGraphML         -
[-        ] splitNetworkComponents       -
[60/9ab324] createFeatureTable (1)       | 1 of 1 ✔
[-        ] prepareForModiFinder         -

executor >  slurm (129)
[4c/847192] prepInputFiles (1)           | 1 of 1 ✔
[c0/42ae9b] filesummary (1)              | 1 of 1 ✔
[f7/777b92] falcon (1)                   | 1 of 1 ✔
[59/1d816d] librarySearchData (45)       | 29 of 75
[-        ] librarymergeResults          -
[b0/6a841a] summaryLibrary (67)          | 75 of 75 ✔
[-        ] librarygetGNPSAnnotations    -
[45/37a4d6] networkingGNPSPrepParams (1) | 1 of 1 ✔
[95/6216b7] calculatePairs (1)           | 1 of 1 ✔
[42/975af2] filterNetwork (1)            | 0 of 1
[-        ] enrichNetworkEdges           -
[08/38b94b] createMetadataFile (1)       | 1 of 1 ✔
[d8/1a81a5] calculateGroupings (1)       | 1 of 1 ✔
[-        ] enrichClusterSummary         -
[-        ] createNetworkGraphML         -
[-        ] splitNetworkComponents       -
[60/9ab324] createFeatureTable (1)       | 1 of 1 ✔
[-        ] prepareForModiFinder         -

executor >  slurm (130)
[4c/847192] prepInputFiles (1)           | 1 of 1 ✔
[c0/42ae9b] filesummary (1)              | 1 of 1 ✔
[f7/777b92] falcon (1)                   | 1 of 1 ✔
[95/6d5f57] librarySearchData (51)       | 33 of 75
[-        ] librarymergeResults          -
[b0/6a841a] summaryLibrary (67)          | 75 of 75 ✔
[-        ] librarygetGNPSAnnotations    -
[45/37a4d6] networkingGNPSPrepParams (1) | 1 of 1 ✔
[95/6216b7] calculatePairs (1)           | 1 of 1 ✔
[42/975af2] filterNetwork (1)            | 1 of 1 ✔
[-        ] enrichNetworkEdges           | 0 of 1
[08/38b94b] createMetadataFile (1)       | 1 of 1 ✔
[d8/1a81a5] calculateGroupings (1)       | 1 of 1 ✔
[-        ] enrichClusterSummary         -
[-        ] createNetworkGraphML         -
[-        ] splitNetworkComponents       -
[60/9ab324] createFeatureTable (1)       | 1 of 1 ✔
[-        ] prepareForModiFinder         -

executor >  slurm (134)
[4c/847192] prepInputFiles (1)           | 1 of 1 ✔
[c0/42ae9b] filesummary (1)              | 1 of 1 ✔
[f7/777b92] falcon (1)                   | 1 of 1 ✔
[80/2eb445] librarySearchData (59)       | 33 of 75
[-        ] librarymergeResults          -
[b0/6a841a] summaryLibrary (67)          | 75 of 75 ✔
[-        ] librarygetGNPSAnnotations    -
[45/37a4d6] networkingGNPSPrepParams (1) | 1 of 1 ✔
[95/6216b7] calculatePairs (1)           | 1 of 1 ✔
[42/975af2] filterNetwork (1)            | 1 of 1 ✔
[ab/27085f] enrichNetworkEdges (1)       | 0 of 1
[08/38b94b] createMetadataFile (1)       | 1 of 1 ✔
[d8/1a81a5] calculateGroupings (1)       | 1 of 1 ✔
[-        ] enrichClusterSummary         -
[-        ] createNetworkGraphML         -
[-        ] splitNetworkComponents       -
[60/9ab324] createFeatureTable (1)       | 1 of 1 ✔
[-        ] prepareForModiFinder         -

executor >  slurm (136)
[4c/847192] prepInputFiles (1)           | 1 of 1 ✔
[c0/42ae9b] filesummary (1)              | 1 of 1 ✔
[f7/777b92] falcon (1)                   | 1 of 1 ✔
[6f/b5523d] librarySearchData (50)       | 38 of 75
[-        ] librarymergeResults          -
[b0/6a841a] summaryLibrary (67)          | 75 of 75 ✔
[-        ] librarygetGNPSAnnotations    -
[45/37a4d6] networkingGNPSPrepParams (1) | 1 of 1 ✔
[95/6216b7] calculatePairs (1)           | 1 of 1 ✔
[42/975af2] filterNetwork (1)            | 1 of 1 ✔
[ab/27085f] enrichNetworkEdges (1)       | 1 of 1 ✔
[08/38b94b] createMetadataFile (1)       | 1 of 1 ✔
[d8/1a81a5] calculateGroupings (1)       | 1 of 1 ✔
[-        ] enrichClusterSummary         -
[-        ] createNetworkGraphML         -
[-        ] splitNetworkComponents       -
[60/9ab324] createFeatureTable (1)       | 1 of 1 ✔
[-        ] prepareForModiFinder         -

executor >  slurm (139)
[4c/847192] prepInputFiles (1)           | 1 of 1 ✔
[c0/42ae9b] filesummary (1)              | 1 of 1 ✔
[f7/777b92] falcon (1)                   | 1 of 1 ✔
[77/9263e0] librarySearchData (58)       | 38 of 75
[-        ] librarymergeResults          -
[b0/6a841a] summaryLibrary (67)          | 75 of 75 ✔
[-        ] librarygetGNPSAnnotations    -
[45/37a4d6] networkingGNPSPrepParams (1) | 1 of 1 ✔
[95/6216b7] calculatePairs (1)           | 1 of 1 ✔
[42/975af2] filterNetwork (1)            | 1 of 1 ✔
[ab/27085f] enrichNetworkEdges (1)       | 1 of 1 ✔
[08/38b94b] createMetadataFile (1)       | 1 of 1 ✔
[d8/1a81a5] calculateGroupings (1)       | 1 of 1 ✔
[-        ] enrichClusterSummary         -
[-        ] createNetworkGraphML         -
[-        ] splitNetworkComponents       -
[60/9ab324] createFeatureTable (1)       | 1 of 1 ✔
[-        ] prepareForModiFinder         -

executor >  slurm (141)
[4c/847192] prepInputFiles (1)           | 1 of 1 ✔
[c0/42ae9b] filesummary (1)              | 1 of 1 ✔
[f7/777b92] falcon (1)                   | 1 of 1 ✔
[2f/449463] librarySearchData (61)       | 41 of 75
[-        ] librarymergeResults          -
[b0/6a841a] summaryLibrary (67)          | 75 of 75 ✔
[-        ] librarygetGNPSAnnotations    -
[45/37a4d6] networkingGNPSPrepParams (1) | 1 of 1 ✔
[95/6216b7] calculatePairs (1)           | 1 of 1 ✔
[42/975af2] filterNetwork (1)            | 1 of 1 ✔
[ab/27085f] enrichNetworkEdges (1)       | 1 of 1 ✔
[08/38b94b] createMetadataFile (1)       | 1 of 1 ✔
[d8/1a81a5] calculateGroupings (1)       | 1 of 1 ✔
[-        ] enrichClusterSummary         -
[-        ] createNetworkGraphML         -
[-        ] splitNetworkComponents       -
[60/9ab324] createFeatureTable (1)       | 1 of 1 ✔
[-        ] prepareForModiFinder         -

executor >  slurm (142)
[4c/847192] prepInputFiles (1)           | 1 of 1 ✔
[c0/42ae9b] filesummary (1)              | 1 of 1 ✔
[f7/777b92] falcon (1)                   | 1 of 1 ✔
[be/7e82d0] librarySearchData (46)       | 41 of 75
[-        ] librarymergeResults          -
[b0/6a841a] summaryLibrary (67)          | 75 of 75 ✔
[-        ] librarygetGNPSAnnotations    -
[45/37a4d6] networkingGNPSPrepParams (1) | 1 of 1 ✔
[95/6216b7] calculatePairs (1)           | 1 of 1 ✔
[42/975af2] filterNetwork (1)            | 1 of 1 ✔
[ab/27085f] enrichNetworkEdges (1)       | 1 of 1 ✔
[08/38b94b] createMetadataFile (1)       | 1 of 1 ✔
[d8/1a81a5] calculateGroupings (1)       | 1 of 1 ✔
[-        ] enrichClusterSummary         -
[-        ] createNetworkGraphML         -
[-        ] splitNetworkComponents       -
[60/9ab324] createFeatureTable (1)       | 1 of 1 ✔
[-        ] prepareForModiFinder         -

executor >  slurm (145)
[4c/847192] prepInputFiles (1)           | 1 of 1 ✔
[c0/42ae9b] filesummary (1)              | 1 of 1 ✔
[f7/777b92] falcon (1)                   | 1 of 1 ✔
[b1/b2489e] librarySearchData (49)       | 47 of 75
[-        ] librarymergeResults          -
[b0/6a841a] summaryLibrary (67)          | 75 of 75 ✔
[-        ] librarygetGNPSAnnotations    -
[45/37a4d6] networkingGNPSPrepParams (1) | 1 of 1 ✔
[95/6216b7] calculatePairs (1)           | 1 of 1 ✔
[42/975af2] filterNetwork (1)            | 1 of 1 ✔
[ab/27085f] enrichNetworkEdges (1)       | 1 of 1 ✔
[08/38b94b] createMetadataFile (1)       | 1 of 1 ✔
[d8/1a81a5] calculateGroupings (1)       | 1 of 1 ✔
[-        ] enrichClusterSummary         -
[-        ] createNetworkGraphML         -
[-        ] splitNetworkComponents       -
[60/9ab324] createFeatureTable (1)       | 1 of 1 ✔
[-        ] prepareForModiFinder         -

executor >  slurm (148)
[4c/847192] prepInputFiles (1)           | 1 of 1 ✔
[c0/42ae9b] filesummary (1)              | 1 of 1 ✔
[f7/777b92] falcon (1)                   | 1 of 1 ✔
[d9/c10a84] librarySearchData (62)       | 47 of 75
[-        ] librarymergeResults          -
[b0/6a841a] summaryLibrary (67)          | 75 of 75 ✔
[-        ] librarygetGNPSAnnotations    -
[45/37a4d6] networkingGNPSPrepParams (1) | 1 of 1 ✔
[95/6216b7] calculatePairs (1)           | 1 of 1 ✔
[42/975af2] filterNetwork (1)            | 1 of 1 ✔
[ab/27085f] enrichNetworkEdges (1)       | 1 of 1 ✔
[08/38b94b] createMetadataFile (1)       | 1 of 1 ✔
[d8/1a81a5] calculateGroupings (1)       | 1 of 1 ✔
[-        ] enrichClusterSummary         -
[-        ] createNetworkGraphML         -
[-        ] splitNetworkComponents       -
[60/9ab324] createFeatureTable (1)       | 1 of 1 ✔
[-        ] prepareForModiFinder         -

executor >  slurm (150)
[4c/847192] prepInputFiles (1)           | 1 of 1 ✔
[c0/42ae9b] filesummary (1)              | 1 of 1 ✔
[f7/777b92] falcon (1)                   | 1 of 1 ✔
[1d/fe6cd1] librarySearchData (65)       | 49 of 75
[-        ] librarymergeResults          -
[b0/6a841a] summaryLibrary (67)          | 75 of 75 ✔
[-        ] librarygetGNPSAnnotations    -
[45/37a4d6] networkingGNPSPrepParams (1) | 1 of 1 ✔
[95/6216b7] calculatePairs (1)           | 1 of 1 ✔
[42/975af2] filterNetwork (1)            | 1 of 1 ✔
[ab/27085f] enrichNetworkEdges (1)       | 1 of 1 ✔
[08/38b94b] createMetadataFile (1)       | 1 of 1 ✔
[d8/1a81a5] calculateGroupings (1)       | 1 of 1 ✔
[-        ] enrichClusterSummary         -
[-        ] createNetworkGraphML         -
[-        ] splitNetworkComponents       -
[60/9ab324] createFeatureTable (1)       | 1 of 1 ✔
[-        ] prepareForModiFinder         -

executor >  slurm (154)
[4c/847192] prepInputFiles (1)           | 1 of 1 ✔
[c0/42ae9b] filesummary (1)              | 1 of 1 ✔
[f7/777b92] falcon (1)                   | 1 of 1 ✔
[f9/ffebb3] librarySearchData (69)       | 55 of 75
[-        ] librarymergeResults          -
[b0/6a841a] summaryLibrary (67)          | 75 of 75 ✔
[-        ] librarygetGNPSAnnotations    -
[45/37a4d6] networkingGNPSPrepParams (1) | 1 of 1 ✔
[95/6216b7] calculatePairs (1)           | 1 of 1 ✔
[42/975af2] filterNetwork (1)            | 1 of 1 ✔
[ab/27085f] enrichNetworkEdges (1)       | 1 of 1 ✔
[08/38b94b] createMetadataFile (1)       | 1 of 1 ✔
[d8/1a81a5] calculateGroupings (1)       | 1 of 1 ✔
[-        ] enrichClusterSummary         -
[-        ] createNetworkGraphML         -
[-        ] splitNetworkComponents       -
[60/9ab324] createFeatureTable (1)       | 1 of 1 ✔
[-        ] prepareForModiFinder         -

executor >  slurm (156)
[4c/847192] prepInputFiles (1)           | 1 of 1 ✔
[c0/42ae9b] filesummary (1)              | 1 of 1 ✔
[f7/777b92] falcon (1)                   | 1 of 1 ✔
[5d/655420] librarySearchData (72)       | 55 of 75
[-        ] librarymergeResults          -
[b0/6a841a] summaryLibrary (67)          | 75 of 75 ✔
[-        ] librarygetGNPSAnnotations    -
[45/37a4d6] networkingGNPSPrepParams (1) | 1 of 1 ✔
[95/6216b7] calculatePairs (1)           | 1 of 1 ✔
[42/975af2] filterNetwork (1)            | 1 of 1 ✔
[ab/27085f] enrichNetworkEdges (1)       | 1 of 1 ✔
[08/38b94b] createMetadataFile (1)       | 1 of 1 ✔
[d8/1a81a5] calculateGroupings (1)       | 1 of 1 ✔
[-        ] enrichClusterSummary         -
[-        ] createNetworkGraphML         -
[-        ] splitNetworkComponents       -
[60/9ab324] createFeatureTable (1)       | 1 of 1 ✔
[-        ] prepareForModiFinder         -

executor >  slurm (158)
[4c/847192] prepInputFiles (1)           | 1 of 1 ✔
[c0/42ae9b] filesummary (1)              | 1 of 1 ✔
[f7/777b92] falcon (1)                   | 1 of 1 ✔
[82/c78078] librarySearchData (73)       | 57 of 75
[-        ] librarymergeResults          -
[b0/6a841a] summaryLibrary (67)          | 75 of 75 ✔
[-        ] librarygetGNPSAnnotations    -
[45/37a4d6] networkingGNPSPrepParams (1) | 1 of 1 ✔
[95/6216b7] calculatePairs (1)           | 1 of 1 ✔
[42/975af2] filterNetwork (1)            | 1 of 1 ✔
[ab/27085f] enrichNetworkEdges (1)       | 1 of 1 ✔
[08/38b94b] createMetadataFile (1)       | 1 of 1 ✔
[d8/1a81a5] calculateGroupings (1)       | 1 of 1 ✔
[-        ] enrichClusterSummary         -
[-        ] createNetworkGraphML         -
[-        ] splitNetworkComponents       -
[60/9ab324] createFeatureTable (1)       | 1 of 1 ✔
[-        ] prepareForModiFinder         -

executor >  slurm (160)
[4c/847192] prepInputFiles (1)           | 1 of 1 ✔
[c0/42ae9b] filesummary (1)              | 1 of 1 ✔
[f7/777b92] falcon (1)                   | 1 of 1 ✔
[05/f7f123] librarySearchData (75)       | 63 of 75
[-        ] librarymergeResults          -
[b0/6a841a] summaryLibrary (67)          | 75 of 75 ✔
[-        ] librarygetGNPSAnnotations    -
[45/37a4d6] networkingGNPSPrepParams (1) | 1 of 1 ✔
[95/6216b7] calculatePairs (1)           | 1 of 1 ✔
[42/975af2] filterNetwork (1)            | 1 of 1 ✔
[ab/27085f] enrichNetworkEdges (1)       | 1 of 1 ✔
[08/38b94b] createMetadataFile (1)       | 1 of 1 ✔
[d8/1a81a5] calculateGroupings (1)       | 1 of 1 ✔
[-        ] enrichClusterSummary         -
[-        ] createNetworkGraphML         -
[-        ] splitNetworkComponents       -
[60/9ab324] createFeatureTable (1)       | 1 of 1 ✔
[-        ] prepareForModiFinder         -

executor >  slurm (160)
[4c/847192] prepInputFiles (1)           | 1 of 1 ✔
[c0/42ae9b] filesummary (1)              | 1 of 1 ✔
[f7/777b92] falcon (1)                   | 1 of 1 ✔
[5f/8aa9ea] librarySearchData (71)       | 68 of 75
[-        ] librarymergeResults          -
[b0/6a841a] summaryLibrary (67)          | 75 of 75 ✔
[-        ] librarygetGNPSAnnotations    -
[45/37a4d6] networkingGNPSPrepParams (1) | 1 of 1 ✔
[95/6216b7] calculatePairs (1)           | 1 of 1 ✔
[42/975af2] filterNetwork (1)            | 1 of 1 ✔
[ab/27085f] enrichNetworkEdges (1)       | 1 of 1 ✔
[08/38b94b] createMetadataFile (1)       | 1 of 1 ✔
[d8/1a81a5] calculateGroupings (1)       | 1 of 1 ✔
[-        ] enrichClusterSummary         -
[-        ] createNetworkGraphML         -
[-        ] splitNetworkComponents       -
[60/9ab324] createFeatureTable (1)       | 1 of 1 ✔
[-        ] prepareForModiFinder         -

executor >  slurm (160)
[4c/847192] prepInputFiles (1)           | 1 of 1 ✔
[c0/42ae9b] filesummary (1)              | 1 of 1 ✔
[f7/777b92] falcon (1)                   | 1 of 1 ✔
[82/c78078] librarySearchData (73)       | 71 of 75
[-        ] librarymergeResults          -
[b0/6a841a] summaryLibrary (67)          | 75 of 75 ✔
[-        ] librarygetGNPSAnnotations    -
[45/37a4d6] networkingGNPSPrepParams (1) | 1 of 1 ✔
[95/6216b7] calculatePairs (1)           | 1 of 1 ✔
[42/975af2] filterNetwork (1)            | 1 of 1 ✔
[ab/27085f] enrichNetworkEdges (1)       | 1 of 1 ✔
[08/38b94b] createMetadataFile (1)       | 1 of 1 ✔
[d8/1a81a5] calculateGroupings (1)       | 1 of 1 ✔
[-        ] enrichClusterSummary         -
[-        ] createNetworkGraphML         -
[-        ] splitNetworkComponents       -
[60/9ab324] createFeatureTable (1)       | 1 of 1 ✔
[-        ] prepareForModiFinder         -

executor >  slurm (160)
[4c/847192] prepInputFiles (1)           | 1 of 1 ✔
[c0/42ae9b] filesummary (1)              | 1 of 1 ✔
[f7/777b92] falcon (1)                   | 1 of 1 ✔
[b7/defe7e] librarySearchData (74)       | 72 of 75
[-        ] librarymergeResults          -
[b0/6a841a] summaryLibrary (67)          | 75 of 75 ✔
[-        ] librarygetGNPSAnnotations    -
[45/37a4d6] networkingGNPSPrepParams (1) | 1 of 1 ✔
[95/6216b7] calculatePairs (1)           | 1 of 1 ✔
[42/975af2] filterNetwork (1)            | 1 of 1 ✔
[ab/27085f] enrichNetworkEdges (1)       | 1 of 1 ✔
[08/38b94b] createMetadataFile (1)       | 1 of 1 ✔
[d8/1a81a5] calculateGroupings (1)       | 1 of 1 ✔
[-        ] enrichClusterSummary         -
[-        ] createNetworkGraphML         -
[-        ] splitNetworkComponents       -
[60/9ab324] createFeatureTable (1)       | 1 of 1 ✔
[-        ] prepareForModiFinder         -

executor >  slurm (160)
[4c/847192] prepInputFiles (1)           | 1 of 1 ✔
[c0/42ae9b] filesummary (1)              | 1 of 1 ✔
[f7/777b92] falcon (1)                   | 1 of 1 ✔
[ee/021ef7] librarySearchData (19)       | 73 of 75
[-        ] librarymergeResults          -
[b0/6a841a] summaryLibrary (67)          | 75 of 75 ✔
[-        ] librarygetGNPSAnnotations    -
[45/37a4d6] networkingGNPSPrepParams (1) | 1 of 1 ✔
[95/6216b7] calculatePairs (1)           | 1 of 1 ✔
[42/975af2] filterNetwork (1)            | 1 of 1 ✔
[ab/27085f] enrichNetworkEdges (1)       | 1 of 1 ✔
[08/38b94b] createMetadataFile (1)       | 1 of 1 ✔
[d8/1a81a5] calculateGroupings (1)       | 1 of 1 ✔
[-        ] enrichClusterSummary         -
[-        ] createNetworkGraphML         -
[-        ] splitNetworkComponents       -
[60/9ab324] createFeatureTable (1)       | 1 of 1 ✔
[-        ] prepareForModiFinder         -

executor >  slurm (160)
[4c/847192] prepInputFiles (1)           | 1 of 1 ✔
[c0/42ae9b] filesummary (1)              | 1 of 1 ✔
[f7/777b92] falcon (1)                   | 1 of 1 ✔
[05/f7f123] librarySearchData (75)       | 74 of 75
[-        ] librarymergeResults          -
[b0/6a841a] summaryLibrary (67)          | 75 of 75 ✔
[-        ] librarygetGNPSAnnotations    -
[45/37a4d6] networkingGNPSPrepParams (1) | 1 of 1 ✔
[95/6216b7] calculatePairs (1)           | 1 of 1 ✔
[42/975af2] filterNetwork (1)            | 1 of 1 ✔
[ab/27085f] enrichNetworkEdges (1)       | 1 of 1 ✔
[08/38b94b] createMetadataFile (1)       | 1 of 1 ✔
[d8/1a81a5] calculateGroupings (1)       | 1 of 1 ✔
[-        ] enrichClusterSummary         -
[-        ] createNetworkGraphML         -
[-        ] splitNetworkComponents       -
[60/9ab324] createFeatureTable (1)       | 1 of 1 ✔
[-        ] prepareForModiFinder         -

executor >  slurm (160)
[4c/847192] prepInputFiles (1)           | 1 of 1 ✔
[c0/42ae9b] filesummary (1)              | 1 of 1 ✔
[f7/777b92] falcon (1)                   | 1 of 1 ✔
[81/f80456] librarySearchData (67)       | 75 of 75 ✔
[-        ] librarymergeResults          -
[b0/6a841a] summaryLibrary (67)          | 75 of 75 ✔
[-        ] librarygetGNPSAnnotations    -
[45/37a4d6] networkingGNPSPrepParams (1) | 1 of 1 ✔
[95/6216b7] calculatePairs (1)           | 1 of 1 ✔
[42/975af2] filterNetwork (1)            | 1 of 1 ✔
[ab/27085f] enrichNetworkEdges (1)       | 1 of 1 ✔
[08/38b94b] createMetadataFile (1)       | 1 of 1 ✔
[d8/1a81a5] calculateGroupings (1)       | 1 of 1 ✔
[-        ] enrichClusterSummary         -
[-        ] createNetworkGraphML         -
[-        ] splitNetworkComponents       -
[60/9ab324] createFeatureTable (1)       | 1 of 1 ✔
[-        ] prepareForModiFinder         -

executor >  slurm (161)
[4c/847192] prepInputFiles (1)           | 1 of 1 ✔
[c0/42ae9b] filesummary (1)              | 1 of 1 ✔
[f7/777b92] falcon (1)                   | 1 of 1 ✔
[81/f80456] librarySearchData (67)       | 75 of 75 ✔
[50/7317d6] librarymergeResults          | 0 of 1
[b0/6a841a] summaryLibrary (67)          | 75 of 75 ✔
[-        ] librarygetGNPSAnnotations    -
[45/37a4d6] networkingGNPSPrepParams (1) | 1 of 1 ✔
[95/6216b7] calculatePairs (1)           | 1 of 1 ✔
[42/975af2] filterNetwork (1)            | 1 of 1 ✔
[ab/27085f] enrichNetworkEdges (1)       | 1 of 1 ✔
[08/38b94b] createMetadataFile (1)       | 1 of 1 ✔
[d8/1a81a5] calculateGroupings (1)       | 1 of 1 ✔
[-        ] enrichClusterSummary         -
[-        ] createNetworkGraphML         -
[-        ] splitNetworkComponents       -
[60/9ab324] createFeatureTable (1)       | 1 of 1 ✔
[-        ] prepareForModiFinder         -

executor >  slurm (161)
[4c/847192] prepInputFiles (1)           | 1 of 1 ✔
[c0/42ae9b] filesummary (1)              | 1 of 1 ✔
[f7/777b92] falcon (1)                   | 1 of 1 ✔
[81/f80456] librarySearchData (67)       | 75 of 75 ✔
[50/7317d6] librarymergeResults          | 0 of 1
[b0/6a841a] summaryLibrary (67)          | 75 of 75 ✔
[-        ] librarygetGNPSAnnotations    -
[45/37a4d6] networkingGNPSPrepParams (1) | 1 of 1 ✔
[95/6216b7] calculatePairs (1)           | 1 of 1 ✔
[42/975af2] filterNetwork (1)            | 1 of 1 ✔
[ab/27085f] enrichNetworkEdges (1)       | 1 of 1 ✔
[08/38b94b] createMetadataFile (1)       | 1 of 1 ✔
[d8/1a81a5] calculateGroupings (1)       | 1 of 1 ✔
[-        ] enrichClusterSummary         -
[-        ] createNetworkGraphML         -
[-        ] splitNetworkComponents       -
[60/9ab324] createFeatureTable (1)       | 1 of 1 ✔
[-        ] prepareForModiFinder         -

executor >  slurm (162)
[4c/847192] prepInputFiles (1)            | 1 of 1 ✔
[c0/42ae9b] filesummary (1)               | 1 of 1 ✔
[f7/777b92] falcon (1)                    | 1 of 1 ✔
[81/f80456] librarySearchData (67)        | 75 of 75 ✔
[50/7317d6] librarymergeResults           | 1 of 1 ✔
[b0/6a841a] summaryLibrary (67)           | 75 of 75 ✔
[35/d6505a] librarygetGNPSAnnotations (1) | 0 of 1
[45/37a4d6] networkingGNPSPrepParams (1)  | 1 of 1 ✔
[95/6216b7] calculatePairs (1)            | 1 of 1 ✔
[42/975af2] filterNetwork (1)             | 1 of 1 ✔
[ab/27085f] enrichNetworkEdges (1)        | 1 of 1 ✔
[08/38b94b] createMetadataFile (1)        | 1 of 1 ✔
[d8/1a81a5] calculateGroupings (1)        | 1 of 1 ✔
[-        ] enrichClusterSummary          -
[-        ] createNetworkGraphML          -
[-        ] splitNetworkComponents        -
[60/9ab324] createFeatureTable (1)        | 1 of 1 ✔
[-        ] prepareForModiFinder          -

executor >  slurm (162)
[4c/847192] prepInputFiles (1)            | 1 of 1 ✔
[c0/42ae9b] filesummary (1)               | 1 of 1 ✔
[f7/777b92] falcon (1)                    | 1 of 1 ✔
[81/f80456] librarySearchData (67)        | 75 of 75 ✔
[50/7317d6] librarymergeResults           | 1 of 1 ✔
[b0/6a841a] summaryLibrary (67)           | 75 of 75 ✔
[35/d6505a] librarygetGNPSAnnotations (1) | 0 of 1
[45/37a4d6] networkingGNPSPrepParams (1)  | 1 of 1 ✔
[95/6216b7] calculatePairs (1)            | 1 of 1 ✔
[42/975af2] filterNetwork (1)             | 1 of 1 ✔
[ab/27085f] enrichNetworkEdges (1)        | 1 of 1 ✔
[08/38b94b] createMetadataFile (1)        | 1 of 1 ✔
[d8/1a81a5] calculateGroupings (1)        | 1 of 1 ✔
[-        ] enrichClusterSummary          -
[-        ] createNetworkGraphML          -
[-        ] splitNetworkComponents        -
[60/9ab324] createFeatureTable (1)        | 1 of 1 ✔
[-        ] prepareForModiFinder          -

executor >  slurm (164)
[4c/847192] prepInputFiles (1)            | 1 of 1 ✔
[c0/42ae9b] filesummary (1)               | 1 of 1 ✔
[f7/777b92] falcon (1)                    | 1 of 1 ✔
[81/f80456] librarySearchData (67)        | 75 of 75 ✔
[50/7317d6] librarymergeResults           | 1 of 1 ✔
[b0/6a841a] summaryLibrary (67)           | 75 of 75 ✔
[35/d6505a] librarygetGNPSAnnotations (1) | 1 of 1 ✔
[45/37a4d6] networkingGNPSPrepParams (1)  | 1 of 1 ✔
[95/6216b7] calculatePairs (1)            | 1 of 1 ✔
[42/975af2] filterNetwork (1)             | 1 of 1 ✔
[ab/27085f] enrichNetworkEdges (1)        | 1 of 1 ✔
[08/38b94b] createMetadataFile (1)        | 1 of 1 ✔
[d8/1a81a5] calculateGroupings (1)        | 1 of 1 ✔
[f7/cfd145] enrichClusterSummary (1)      | 0 of 1
[-        ] createNetworkGraphML          -
[-        ] splitNetworkComponents        -
[60/9ab324] createFeatureTable (1)        | 1 of 1 ✔
[30/9094ae] prepareForModiFinder (1)      | 0 of 1

executor >  slurm (165)
[4c/847192] prepInputFiles (1)            | 1 of 1 ✔
[c0/42ae9b] filesummary (1)               | 1 of 1 ✔
[f7/777b92] falcon (1)                    | 1 of 1 ✔
[81/f80456] librarySearchData (67)        | 75 of 75 ✔
[50/7317d6] librarymergeResults           | 1 of 1 ✔
[b0/6a841a] summaryLibrary (67)           | 75 of 75 ✔
[35/d6505a] librarygetGNPSAnnotations (1) | 1 of 1 ✔
[45/37a4d6] networkingGNPSPrepParams (1)  | 1 of 1 ✔
[95/6216b7] calculatePairs (1)            | 1 of 1 ✔
[42/975af2] filterNetwork (1)             | 1 of 1 ✔
[ab/27085f] enrichNetworkEdges (1)        | 1 of 1 ✔
[08/38b94b] createMetadataFile (1)        | 1 of 1 ✔
[d8/1a81a5] calculateGroupings (1)        | 1 of 1 ✔
[f7/cfd145] enrichClusterSummary (1)      | 1 of 1 ✔
[ae/27c2b8] createNetworkGraphML (1)      | 0 of 1
[-        ] splitNetworkComponents        -
[60/9ab324] createFeatureTable (1)        | 1 of 1 ✔
[30/9094ae] prepareForModiFinder (1)      | 1 of 1 ✔

executor >  slurm (165)
[4c/847192] prepInputFiles (1)            | 1 of 1 ✔
[c0/42ae9b] filesummary (1)               | 1 of 1 ✔
[f7/777b92] falcon (1)                    | 1 of 1 ✔
[81/f80456] librarySearchData (67)        | 75 of 75 ✔
[50/7317d6] librarymergeResults           | 1 of 1 ✔
[b0/6a841a] summaryLibrary (67)           | 75 of 75 ✔
[35/d6505a] librarygetGNPSAnnotations (1) | 1 of 1 ✔
[45/37a4d6] networkingGNPSPrepParams (1)  | 1 of 1 ✔
[95/6216b7] calculatePairs (1)            | 1 of 1 ✔
[42/975af2] filterNetwork (1)             | 1 of 1 ✔
[ab/27085f] enrichNetworkEdges (1)        | 1 of 1 ✔
[08/38b94b] createMetadataFile (1)        | 1 of 1 ✔
[d8/1a81a5] calculateGroupings (1)        | 1 of 1 ✔
[f7/cfd145] enrichClusterSummary (1)      | 1 of 1 ✔
[ae/27c2b8] createNetworkGraphML (1)      | 1 of 1 ✔
[-        ] splitNetworkComponents        -
[60/9ab324] createFeatureTable (1)        | 1 of 1 ✔
[30/9094ae] prepareForModiFinder (1)      | 1 of 1 ✔

executor >  slurm (166)
[4c/847192] prepInputFiles (1)            | 1 of 1 ✔
[c0/42ae9b] filesummary (1)               | 1 of 1 ✔
[f7/777b92] falcon (1)                    | 1 of 1 ✔
[81/f80456] librarySearchData (67)        | 75 of 75 ✔
[50/7317d6] librarymergeResults           | 1 of 1 ✔
[b0/6a841a] summaryLibrary (67)           | 75 of 75 ✔
[35/d6505a] librarygetGNPSAnnotations (1) | 1 of 1 ✔
[45/37a4d6] networkingGNPSPrepParams (1)  | 1 of 1 ✔
[95/6216b7] calculatePairs (1)            | 1 of 1 ✔
[42/975af2] filterNetwork (1)             | 1 of 1 ✔
[ab/27085f] enrichNetworkEdges (1)        | 1 of 1 ✔
[08/38b94b] createMetadataFile (1)        | 1 of 1 ✔
[d8/1a81a5] calculateGroupings (1)        | 1 of 1 ✔
[f7/cfd145] enrichClusterSummary (1)      | 1 of 1 ✔
[ae/27c2b8] createNetworkGraphML (1)      | 1 of 1 ✔
[bb/2e3539] splitNetworkComponents (1)    | 0 of 1
[60/9ab324] createFeatureTable (1)        | 1 of 1 ✔
[30/9094ae] prepareForModiFinder (1)      | 1 of 1 ✔

executor >  slurm (166)
[4c/847192] prepInputFiles (1)            | 1 of 1 ✔
[c0/42ae9b] filesummary (1)               | 1 of 1 ✔
[f7/777b92] falcon (1)                    | 1 of 1 ✔
[81/f80456] librarySearchData (67)        | 75 of 75 ✔
[50/7317d6] librarymergeResults           | 1 of 1 ✔
[b0/6a841a] summaryLibrary (67)           | 75 of 75 ✔
[35/d6505a] librarygetGNPSAnnotations (1) | 1 of 1 ✔
[45/37a4d6] networkingGNPSPrepParams (1)  | 1 of 1 ✔
[95/6216b7] calculatePairs (1)            | 1 of 1 ✔
[42/975af2] filterNetwork (1)             | 1 of 1 ✔
[ab/27085f] enrichNetworkEdges (1)        | 1 of 1 ✔
[08/38b94b] createMetadataFile (1)        | 1 of 1 ✔
[d8/1a81a5] calculateGroupings (1)        | 1 of 1 ✔
[f7/cfd145] enrichClusterSummary (1)      | 1 of 1 ✔
[ae/27c2b8] createNetworkGraphML (1)      | 1 of 1 ✔
[bb/2e3539] splitNetworkComponents (1)    | 1 of 1 ✔
[60/9ab324] createFeatureTable (1)        | 1 of 1 ✔
[30/9094ae] prepareForModiFinder (1)      | 1 of 1 ✔

executor >  slurm (166)
[4c/847192] prepInputFiles (1)            | 1 of 1 ✔
[c0/42ae9b] filesummary (1)               | 1 of 1 ✔
[f7/777b92] falcon (1)                    | 1 of 1 ✔
[81/f80456] librarySearchData (67)        | 75 of 75 ✔
[50/7317d6] librarymergeResults           | 1 of 1 ✔
[b0/6a841a] summaryLibrary (67)           | 75 of 75 ✔
[35/d6505a] librarygetGNPSAnnotations (1) | 1 of 1 ✔
[45/37a4d6] networkingGNPSPrepParams (1)  | 1 of 1 ✔
[95/6216b7] calculatePairs (1)            | 1 of 1 ✔
[42/975af2] filterNetwork (1)             | 1 of 1 ✔
[ab/27085f] enrichNetworkEdges (1)        | 1 of 1 ✔
[08/38b94b] createMetadataFile (1)        | 1 of 1 ✔
[d8/1a81a5] calculateGroupings (1)        | 1 of 1 ✔
[f7/cfd145] enrichClusterSummary (1)      | 1 of 1 ✔
[ae/27c2b8] createNetworkGraphML (1)      | 1 of 1 ✔
[bb/2e3539] splitNetworkComponents (1)    | 1 of 1 ✔
[60/9ab324] createFeatureTable (1)        | 1 of 1 ✔
[30/9094ae] prepareForModiFinder (1)      | 1 of 1 ✔
Completed at: 25-Jun-2026 03:44:37
Duration    : 44m 28s
CPU hours   : 1.1
Succeeded   : 166


